
> eficorp@0.0.0 build
> npx vite build

[36mvite v6.3.5 [32mbuilding for production...[36m[39m
transforming...
node.exe : Browserslist: 
browsers data (caniuse-lite) 
is 8 months old. Please run:
At C:\Program 
Files\nodejs\npm.ps1:29 
char:3
+   & $NODE_EXE $NPM_CLI_JS 
$args
+   
~~~~~~~~~~~~~~~~~~~~~~~~~~~~~
    + CategoryInfo           
   : NotSpecified: (Browser  
  slist: b...ld. Please ru   
 n::String) [], RemoteExc    
eption
    + FullyQualifiedErrorId  
   : NativeCommandError
 
  npx 
update-browserslist-db@latest
  Why you should do it 
regularly: https://github.com
/browserslist/update-db#readm
e
[32mΓ£ô[39m 17 modules transformed.
[31mΓ£ù[39m Build failed 
in 1.18s
[31merror during build:
[31m[vite]: Rollup failed 
to resolve import ".routes" 
from "D:/Proyectos/efi-corp/f
rontend/src/App.tsx".
This is most likely 
unintended because it can 
break your application at 
runtime.
If you do want to 
externalize this module 
explicitly add it to
`build.rollupOptions.external
`[31m
    at viteLog (file:///D:/Pr
oyectos/efi-corp/frontend/nod
e_modules/vite/dist/node/chun
ks/dep-DBxKXgDP.js:46345:15)
    at file:///D:/Proyectos/e
fi-corp/frontend/node_modules
/vite/dist/node/chunks/dep-DB
xKXgDP.js:46403:18
    at onwarn (D:\Proyectos\e
fi-corp\frontend\node_modules
\@vitejs\plugin-react\dist\in
dex.cjs:120:9)
    at file:///D:/Proyectos/e
fi-corp/frontend/node_modules
/vite/dist/node/chunks/dep-DB
xKXgDP.js:46401:7
    at onRollupLog (file:///D
:/Proyectos/efi-corp/frontend
/node_modules/vite/dist/node/
chunks/dep-DBxKXgDP.js:46393:
5)
    at onLog (file:///D:/Proy
ectos/efi-corp/frontend/node_
modules/vite/dist/node/chunks
/dep-DBxKXgDP.js:46043:7)
    at file:///D:/Proyectos/e
fi-corp/frontend/node_modules
/rollup/dist/es/shared/node-e
ntry.js:20803:32
    at Object.logger [as 
onLog] (file:///D:/Proyectos/
efi-corp/frontend/node_module
s/rollup/dist/es/shared/node-
entry.js:22683:9)
    at ModuleLoader.handleInv
alidResolvedId (file:///D:/Pr
oyectos/efi-corp/frontend/nod
e_modules/rollup/dist/es/shar
ed/node-entry.js:21429:26)
    at file:///D:/Proyectos/e
fi-corp/frontend/node_modules
/rollup/dist/es/shared/node-e
ntry.js:21387:26[39m
